// Jest Snapshot v1, https://goo.gl/fbAQLP

exports[`Use legacy api should render a HTML file 1`] = `
"<html>
<body>
  Rendered with:&nbsp;
  <code>[
    {
      \\"route\\": \\"/\\",
      \\"extra\\": \\"extra-value\\",
      \\"assets\\": {
        \\"main\\": [
          \\"client-main-c97c9861d1b174289e1a.js\\"
        ]
      }
    }
  ]</code>
</body>
</html>"
`;
