// Jest Snapshot v1, https://goo.gl/fbAQLP

exports[`Render WebpackStats should render a with asset names 1`] = `
Object {
  "index.html": "[
  {
    \\"name\\": \\"client\\",
    \\"assets\\": {
      \\"main\\": \\"client-main-daf2166db871ad045ea4.js\\"
    }
  },
  {
    \\"name\\": \\"render\\",
    \\"assets\\": {
      \\"main\\": \\"render-main-92cbd4560ebd5729284e.js\\"
    }
  }
]",
}
`;
